EN fd_mxilinx_top NULL /home/gage/Documents/College-Work/ASpring_2024/Digital_Design/Projects/ECE3561Proj1/top.vhf sub00/vhpl02 1708815858
EN d3_8e_mxilinx_top NULL /home/gage/Documents/College-Work/ASpring_2024/Digital_Design/Projects/ECE3561Proj1/top.vhf sub00/vhpl00 1708815856
AR fd_mxilinx_top behavioral /home/gage/Documents/College-Work/ASpring_2024/Digital_Design/Projects/ECE3561Proj1/top.vhf sub00/vhpl03 1708815859
EN fdre_mxilinx_top NULL /home/gage/Documents/College-Work/ASpring_2024/Digital_Design/Projects/ECE3561Proj1/top.vhf sub00/vhpl04 1708815860
EN top NULL /home/gage/Documents/College-Work/ASpring_2024/Digital_Design/Projects/ECE3561Proj1/top.vhf sub00/vhpl08 1708815864
AR fjkrse_mxilinx_top behavioral /home/gage/Documents/College-Work/ASpring_2024/Digital_Design/Projects/ECE3561Proj1/top.vhf sub00/vhpl07 1708815863
AR d3_8e_mxilinx_top behavioral /home/gage/Documents/College-Work/ASpring_2024/Digital_Design/Projects/ECE3561Proj1/top.vhf sub00/vhpl01 1708815857
EN fjkrse_mxilinx_top NULL /home/gage/Documents/College-Work/ASpring_2024/Digital_Design/Projects/ECE3561Proj1/top.vhf sub00/vhpl06 1708815862
AR fdre_mxilinx_top behavioral /home/gage/Documents/College-Work/ASpring_2024/Digital_Design/Projects/ECE3561Proj1/top.vhf sub00/vhpl05 1708815861
AR top behavioral /home/gage/Documents/College-Work/ASpring_2024/Digital_Design/Projects/ECE3561Proj1/top.vhf sub00/vhpl09 1708815865
